Running nvme/062
disconnected 1 controller(s)
Test complete
