Running nvme/063
disconnected 1 controller(s)
Test complete
