Running nvme/064
disconnected 1 controller(s)
Test complete
