Running nvme/067
disconnected 1 controller(s)
Test complete
